[09:25:29] queue_runner start  max_concurrent=1 threads=8 nice=19
[09:25:29] loaded 7 jobs
[09:26:29] running=3 launched=0/7 load=15.16
[09:27:29] running=3 launched=0/7 load=15.20
[09:28:29] running=3 launched=0/7 load=15.20
[09:29:29] running=3 launched=0/7 load=18.51
[09:30:30] running=3 launched=0/7 load=19.98
[09:31:30] running=3 launched=0/7 load=19.92
[09:32:30] running=3 launched=0/7 load=20.27
[09:33:30] running=3 launched=0/7 load=19.55
[09:34:31] running=3 launched=0/7 load=17.58
[09:35:31] running=3 launched=0/7 load=17.24
[09:36:31] running=3 launched=0/7 load=26.68
[09:37:31] running=3 launched=0/7 load=21.01
[09:38:32] running=3 launched=0/7 load=21.24
[09:39:32] running=3 launched=0/7 load=19.22
[09:40:32] running=3 launched=0/7 load=19.07
[09:41:32] running=3 launched=0/7 load=19.56
[09:42:32] running=2 launched=0/7 load=18.08
[09:43:33] running=2 launched=0/7 load=14.58
[09:44:33] running=2 launched=0/7 load=14.45
[09:45:33] running=2 launched=0/7 load=15.03
[09:46:33] running=2 launched=0/7 load=11.47
[09:47:34] running=2 launched=0/7 load=13.41
[09:48:13] queue_runner start  max_concurrent=1 threads=8 nice=19
[09:48:13] loaded 8 jobs
[09:49:13] running=1 launched=0/8 load=9.25
[09:50:13] running=1 launched=0/8 load=14.74
[09:51:13] running=0 launched=0/8 load=11.25
[09:51:13] launch [1/8] --dataset_nslkdd_--seed_123 (correct_cross_dataset)
[09:52:24] running=1 launched=1/8 load=5.19
[09:53:24] running=1 launched=1/8 load=3.34
[09:54:24] running=1 launched=1/8 load=2.58
[09:55:24] running=1 launched=1/8 load=2.38
[09:55:48] queue_runner start  max_concurrent=1 threads=8 nice=19
[09:55:48] loaded 8 jobs
[09:56:48] running=1 launched=0/8 load=2.73
[09:57:48] running=1 launched=0/8 load=9.60
[09:58:48] running=1 launched=0/8 load=5.70
[09:59:48] running=1 launched=0/8 load=10.40
[10:00:49] running=1 launched=0/8 load=6.10
[10:01:49] running=1 launched=0/8 load=6.41
[10:02:49] running=1 launched=0/8 load=7.17
[10:03:49] running=1 launched=0/8 load=5.71
[10:04:50] running=1 launched=0/8 load=4.80
[10:05:50] running=1 launched=0/8 load=6.25
[10:06:50] running=1 launched=0/8 load=14.53
[10:07:50] running=1 launched=0/8 load=9.33
[10:08:51] running=1 launched=0/8 load=8.08
[10:09:51] running=1 launched=0/8 load=12.32
[10:10:51] running=1 launched=0/8 load=9.05
[10:11:51] running=1 launched=0/8 load=7.46
[10:12:52] running=1 launched=0/8 load=6.75
[10:13:52] running=1 launched=0/8 load=15.38
[10:14:52] running=1 launched=0/8 load=11.43
[10:15:52] running=1 launched=0/8 load=8.08
[10:16:52] running=1 launched=0/8 load=6.74
[10:17:53] running=1 launched=0/8 load=5.65
[10:18:53] running=1 launched=0/8 load=6.93
[10:19:53] running=1 launched=0/8 load=9.48
[10:20:53] running=1 launched=0/8 load=9.28
[10:21:54] running=1 launched=0/8 load=9.91
[10:22:54] running=1 launched=0/8 load=10.74
[10:23:54] running=1 launched=0/8 load=10.49
[10:24:54] running=1 launched=0/8 load=9.07
[10:25:55] running=1 launched=0/8 load=7.42
[10:26:55] running=1 launched=0/8 load=6.54
[10:27:55] running=1 launched=0/8 load=8.01
[10:28:55] running=1 launched=0/8 load=8.67
[10:29:56] running=1 launched=0/8 load=18.63
[10:30:56] running=1 launched=0/8 load=12.88
[10:31:56] running=1 launched=0/8 load=10.46
[10:32:56] running=1 launched=0/8 load=8.10
[10:33:56] running=1 launched=0/8 load=8.10
[10:34:57] running=1 launched=0/8 load=8.67
[10:35:57] running=1 launched=0/8 load=10.63
[10:36:57] running=0 launched=0/8 load=5.98
[10:36:57] launch [1/8] --dataset_unsw_--seed_123 (run_instrumented)
[10:38:08] running=1 launched=1/8 load=5.37
[10:39:08] running=1 launched=1/8 load=4.98
[10:40:08] running=1 launched=1/8 load=4.36
[10:41:08] running=1 launched=1/8 load=3.27
[10:42:09] running=1 launched=1/8 load=7.15
[10:43:09] running=1 launched=1/8 load=4.59
[10:44:09] running=1 launched=1/8 load=5.28
[10:45:09] running=1 launched=1/8 load=5.51
[10:46:10] running=1 launched=1/8 load=5.88
[10:47:10] running=1 launched=1/8 load=5.28
[10:48:10] running=1 launched=1/8 load=4.03
[10:49:10] running=1 launched=1/8 load=17.43
[10:50:10] running=1 launched=1/8 load=11.10
[10:51:11] running=1 launched=1/8 load=8.25
[10:52:11] running=1 launched=1/8 load=8.74
[10:53:11] running=1 launched=1/8 load=6.44
[10:54:11] running=1 launched=1/8 load=5.28
[10:55:12] running=1 launched=1/8 load=15.57
[10:56:12] running=1 launched=1/8 load=10.71
[10:57:12] running=1 launched=1/8 load=7.50
[10:58:12] running=1 launched=1/8 load=5.51
[10:59:12] running=1 launched=1/8 load=14.92
[11:00:13] running=1 launched=1/8 load=15.45
[11:01:13] running=1 launched=1/8 load=18.20
[11:02:13] running=1 launched=1/8 load=9.60
[11:03:13] running=1 launched=1/8 load=6.14
[11:04:14] running=1 launched=1/8 load=5.33
[11:05:14] running=1 launched=1/8 load=6.43
[11:06:14] running=1 launched=1/8 load=8.27
[11:07:14] running=1 launched=1/8 load=8.72
[11:08:15] running=1 launched=1/8 load=8.47
[11:09:15] running=1 launched=1/8 load=7.36
[11:10:15] running=1 launched=1/8 load=8.16
[11:11:15] running=1 launched=1/8 load=8.63
[11:12:15] running=1 launched=1/8 load=8.29
[11:13:16] running=1 launched=1/8 load=7.43
[11:14:16] running=1 launched=1/8 load=8.93
[11:15:16] running=1 launched=1/8 load=8.32
[11:16:16] running=1 launched=1/8 load=8.83
[11:17:17] running=1 launched=1/8 load=7.80
[11:18:17] running=1 launched=1/8 load=7.29
[11:19:17] running=1 launched=1/8 load=7.09
[11:20:17] running=1 launched=1/8 load=9.31
[11:21:17] running=1 launched=1/8 load=8.72
[11:22:18] running=1 launched=1/8 load=7.77
[11:23:18] running=1 launched=1/8 load=6.48
[11:24:18] running=0 launched=1/8 load=4.26
[11:24:18] launch [2/8] --dataset_nslkdd_--seed_123 (correct_cross_dataset)
[11:25:29] running=1 launched=2/8 load=4.52
[11:26:29] running=1 launched=2/8 load=3.76
[11:27:29] running=1 launched=2/8 load=2.92
[11:27:33] queue_runner start  max_concurrent=3 threads=12 nice=19
[11:27:33] loaded 6 jobs
[11:27:33] launch [1/6] --dataset_cicids2017_--seed_123 (correct_cross_dataset)
[11:27:44] launch [2/6] --dataset_cicddos2019_--seed_123 (correct_cross_dataset)
[11:28:54] running=3 launched=2/6 load=3.93
[11:29:54] running=3 launched=2/6 load=4.52
[11:30:54] running=3 launched=2/6 load=4.50
[11:31:54] running=3 launched=2/6 load=8.97
[11:32:55] running=3 launched=2/6 load=8.52
[11:33:55] running=3 launched=2/6 load=10.39
[11:34:55] running=3 launched=2/6 load=8.78
[11:35:55] running=3 launched=2/6 load=9.43
[11:36:56] running=3 launched=2/6 load=8.56
[11:37:56] running=3 launched=2/6 load=9.29
[11:38:56] running=3 launched=2/6 load=13.16
[11:39:56] running=3 launched=2/6 load=17.76
[11:40:57] running=3 launched=2/6 load=18.83
[11:41:57] running=3 launched=2/6 load=13.49
[11:42:57] running=3 launched=2/6 load=21.58
[11:43:57] running=3 launched=2/6 load=18.51
[11:44:57] running=3 launched=2/6 load=17.65
[11:45:58] running=3 launched=2/6 load=21.16
[11:46:58] running=3 launched=2/6 load=21.30
[11:47:58] running=3 launched=2/6 load=14.33
[11:48:58] running=3 launched=2/6 load=10.12
[11:49:59] running=3 launched=2/6 load=16.58
[11:50:59] running=3 launched=2/6 load=20.93
[11:51:59] running=3 launched=2/6 load=15.53
[11:52:59] running=3 launched=2/6 load=17.27
[11:53:59] running=3 launched=2/6 load=12.47
[11:55:00] running=3 launched=2/6 load=18.51
[11:56:00] running=3 launched=2/6 load=16.88
[11:57:00] running=3 launched=2/6 load=16.29
[11:58:00] running=3 launched=2/6 load=19.08
[11:59:01] running=3 launched=2/6 load=18.87
[12:00:01] running=3 launched=2/6 load=19.05
[12:01:01] running=3 launched=2/6 load=19.09
[12:02:01] running=3 launched=2/6 load=20.35
[12:03:01] running=3 launched=2/6 load=19.25
[12:04:02] running=3 launched=2/6 load=18.63
[12:05:02] running=3 launched=2/6 load=18.26
[12:06:02] running=3 launched=2/6 load=18.13
[12:07:02] running=3 launched=2/6 load=19.47
[12:08:03] running=3 launched=2/6 load=17.67
[12:09:03] running=3 launched=2/6 load=19.53
[12:10:03] running=3 launched=2/6 load=17.71
[12:11:03] running=3 launched=2/6 load=21.10
[12:12:03] running=3 launched=2/6 load=17.27
[12:13:04] running=3 launched=2/6 load=19.73
[12:14:04] running=3 launched=2/6 load=17.58
[12:15:04] running=3 launched=2/6 load=15.99
[12:16:04] running=2 launched=2/6 load=15.28
[12:16:04] launch [3/6] --dataset_unsw_--seed_456 (run_instrumented)
[12:17:15] running=3 launched=3/6 load=18.59
[12:18:15] running=3 launched=3/6 load=18.07
[12:19:15] running=3 launched=3/6 load=16.34
[12:20:15] running=3 launched=3/6 load=16.80
[12:21:16] running=3 launched=3/6 load=16.62
[12:22:16] running=3 launched=3/6 load=14.22
[12:22:41] queue_runner start  max_concurrent=3 threads=12 nice=19
[12:22:41] loaded 3 jobs
[12:23:41] running=3 launched=0/3 load=15.74
[12:24:41] running=3 launched=0/3 load=14.72
[12:25:02] queue_runner start  max_concurrent=6 threads=8 nice=19
[12:25:02] loaded 3 jobs
[12:25:03] launch [1/3] --dataset_nslkdd_--seed_456 (correct_cross_dataset)
[12:25:13] launch [2/3] --dataset_cicids2017_--seed_456 (correct_cross_dataset)
[12:25:23] launch [3/3] --dataset_cicddos2019_--seed_456 (correct_cross_dataset)
[12:26:33] running=6 launched=3/3 load=15.54
[12:27:33] running=6 launched=3/3 load=17.85
[12:28:33] running=6 launched=3/3 load=17.31
[12:29:34] running=5 launched=3/3 load=17.07
[12:30:34] running=5 launched=3/3 load=15.29
[12:31:34] running=5 launched=3/3 load=16.30
[12:32:34] running=5 launched=3/3 load=15.52
[12:33:35] running=4 launched=3/3 load=15.39
[12:34:35] running=4 launched=3/3 load=12.47
[12:35:35] running=4 launched=3/3 load=8.43
[12:36:35] running=4 launched=3/3 load=10.71
[12:37:35] running=4 launched=3/3 load=12.09
[12:38:36] running=4 launched=3/3 load=12.97
[12:39:36] running=4 launched=3/3 load=17.10
[12:40:36] running=4 launched=3/3 load=16.47
[12:41:36] running=4 launched=3/3 load=18.45
[12:42:37] running=4 launched=3/3 load=20.11
[12:43:37] running=4 launched=3/3 load=21.50
[12:44:37] running=4 launched=3/3 load=18.40
[12:45:37] running=4 launched=3/3 load=17.89
[12:46:37] running=4 launched=3/3 load=13.35
[12:47:38] running=4 launched=3/3 load=14.82
[12:48:38] running=4 launched=3/3 load=13.43
[12:49:38] running=4 launched=3/3 load=13.89
[12:50:38] running=4 launched=3/3 load=13.87
[12:51:39] running=4 launched=3/3 load=16.50
[12:52:39] running=4 launched=3/3 load=20.85
[12:53:39] running=4 launched=3/3 load=17.83
[12:54:39] running=4 launched=3/3 load=13.54
[12:55:39] running=4 launched=3/3 load=16.88
[12:56:40] running=4 launched=3/3 load=18.16
[12:57:40] running=4 launched=3/3 load=16.94
[12:58:40] running=4 launched=3/3 load=19.69
[12:59:40] running=4 launched=3/3 load=18.21
[13:00:41] running=4 launched=3/3 load=18.67
[13:01:41] running=4 launched=3/3 load=16.70
[13:02:41] running=4 launched=3/3 load=18.91
[13:03:41] running=4 launched=3/3 load=21.40
[13:04:41] running=4 launched=3/3 load=18.29
[13:05:42] running=4 launched=3/3 load=18.91
[13:06:42] running=4 launched=3/3 load=19.49
[13:07:42] running=4 launched=3/3 load=20.24
[13:08:42] running=4 launched=3/3 load=18.85
[13:09:43] running=4 launched=3/3 load=20.41
[13:10:43] running=4 launched=3/3 load=19.80
[13:11:43] running=4 launched=3/3 load=17.34
[13:12:43] running=4 launched=3/3 load=17.85
[13:13:44] running=4 launched=3/3 load=18.93
[13:14:44] running=4 launched=3/3 load=21.93
[13:15:44] running=4 launched=3/3 load=22.29
[13:16:44] running=4 launched=3/3 load=22.01
[13:17:44] running=4 launched=3/3 load=18.90
[13:18:45] running=4 launched=3/3 load=21.75
[13:19:45] running=4 launched=3/3 load=22.87
[13:20:45] running=4 launched=3/3 load=23.57
[13:21:45] running=4 launched=3/3 load=21.86
[13:22:46] running=4 launched=3/3 load=20.29
[13:23:46] running=4 launched=3/3 load=17.61
[13:24:46] running=4 launched=3/3 load=18.20
[13:25:46] running=4 launched=3/3 load=21.27
[13:26:46] running=4 launched=3/3 load=21.64
[13:27:47] running=3 launched=3/3 load=17.62
[13:28:47] running=3 launched=3/3 load=14.31
[13:29:47] running=3 launched=3/3 load=17.22
[13:30:47] running=3 launched=3/3 load=16.24
[13:31:48] running=2 launched=3/3 load=12.43
[13:32:48] running=2 launched=3/3 load=9.28
[13:33:48] running=2 launched=3/3 load=11.07
[13:34:48] running=2 launched=3/3 load=9.71
[13:35:48] running=2 launched=3/3 load=10.68
[13:36:49] running=2 launched=3/3 load=10.16
[13:37:49] running=2 launched=3/3 load=14.07
[13:38:49] running=2 launched=3/3 load=11.26
[13:39:49] running=2 launched=3/3 load=10.10
[13:40:50] running=1 launched=3/3 load=8.56
[13:41:50] running=1 launched=3/3 load=6.64
[13:42:50] running=0 launched=3/3 load=3.31
[13:42:50] ALL DONE (3 jobs)
